Copyright 1986-2022 Xilinx, Inc. All Rights Reserved.
------------------------------------------------------------------------------------
| Tool Version : Vivado v.2022.2 (win64) Build 3671981 Fri Oct 14 05:00:03 MDT 2022
| Date         : Tue Dec 12 12:11:10 2023
| Host         : ECE-PHO115-126 running 64-bit major release  (build 9200)
| Command      : report_control_sets -verbose -file new_top_control_sets_placed.rpt
| Design       : new_top
| Device       : xc7a100t
------------------------------------------------------------------------------------

Control Set Information

Table of Contents
-----------------
1. Summary
2. Histogram
3. Flip-Flop Distribution
4. Detailed Control Set Information

1. Summary
----------

+----------------------------------------------------------+-------+
|                          Status                          | Count |
+----------------------------------------------------------+-------+
| Total control sets                                       |   109 |
|    Minimum number of control sets                        |   109 |
|    Addition due to synthesis replication                 |     0 |
|    Addition due to physical synthesis replication        |     0 |
| Unused register locations in slices containing registers |    47 |
+----------------------------------------------------------+-------+
* Control sets can be merged at opt_design using control_set_merge or merge_equivalent_drivers
** Run report_qor_suggestions for automated merging and remapping suggestions


2. Histogram
------------

+--------------------+-------+
|       Fanout       | Count |
+--------------------+-------+
| Total control sets |   109 |
| >= 0 to < 4        |     3 |
| >= 4 to < 6        |     0 |
| >= 6 to < 8        |     4 |
| >= 8 to < 10       |    97 |
| >= 10 to < 12      |     2 |
| >= 12 to < 14      |     1 |
| >= 14 to < 16      |     0 |
| >= 16              |     2 |
+--------------------+-------+
* Control sets can be remapped at either synth_design or opt_design


3. Flip-Flop Distribution
-------------------------

+--------------+-----------------------+------------------------+-----------------+--------------+
| Clock Enable | Synchronous Set/Reset | Asynchronous Set/Reset | Total Registers | Total Slices |
+--------------+-----------------------+------------------------+-----------------+--------------+
| No           | No                    | No                     |              43 |           23 |
| No           | No                    | Yes                    |               0 |            0 |
| No           | Yes                   | No                     |               0 |            0 |
| Yes          | No                    | No                     |              80 |           27 |
| Yes          | No                    | Yes                    |               0 |            0 |
| Yes          | Yes                   | No                     |             790 |          387 |
+--------------+-----------------------+------------------------+-----------------+--------------+


4. Detailed Control Set Information
-----------------------------------

+--------------------+---------------------------------------------------------------------------------------------------------------------------------------------------------------------------------------------------------------+--------------------------------------------------------------------------------------------------------------------------------------------------+------------------+----------------+--------------+
|    Clock Signal    |                                                                                                 Enable Signal                                                                                                 |                                                                 Set/Reset Signal                                                                 | Slice Load Count | Bel Load Count | Bels / Slice |
+--------------------+---------------------------------------------------------------------------------------------------------------------------------------------------------------------------------------------------------------+--------------------------------------------------------------------------------------------------------------------------------------------------+------------------+----------------+--------------+
|  VGA/clock_25_BUFG | sobel/sobelready                                                                                                                                                                                              | VGA/vsync_i_1_n_0                                                                                                                                |                1 |              1 |         1.00 |
|  VGA/clock_25_BUFG | sobel/sobelready                                                                                                                                                                                              | VGA/hsync_i_1_n_0                                                                                                                                |                1 |              1 |         1.00 |
|  VGA/clock_50      |                                                                                                                                                                                                               |                                                                                                                                                  |                1 |              1 |         1.00 |
|  clk_IBUF_BUFG     | sobel/data[1][0][6]_i_1_n_0                                                                                                                                                                                   |                                                                                                                                                  |                4 |              7 |         1.75 |
|  clk_IBUF_BUFG     | sobel/data[0][1][6]_i_1_n_0                                                                                                                                                                                   |                                                                                                                                                  |                2 |              7 |         3.50 |
|  clk_IBUF_BUFG     | sobel/data                                                                                                                                                                                                    |                                                                                                                                                  |                3 |              7 |         2.33 |
|  clk_IBUF_BUFG     | sobel/data[1][2][6]_i_1_n_0                                                                                                                                                                                   |                                                                                                                                                  |                3 |              7 |         2.33 |
|  clk_IBUF_BUFG     | Block_Rom/BRAM/blk_mem_gen_0/U0/inst_blk_mem_gen/gnbram.gnativebmg.native_blk_mem_gen/valid.cstr/ramloop[92].ram.r/prim_init.ram/DEVICE_7SERIES.NO_BMM_INFO.SDP.SIMPLE_PRIM36.ram_REGCEB_cooolgate_en_sig_191 | Block_Rom/BRAM/blk_mem_gen_0/U0/inst_blk_mem_gen/gnbram.gnativebmg.native_blk_mem_gen/valid.cstr/has_mux_b.B/doutb[6]_INST_0_i_41_psbram_and_n_3 |                3 |              8 |         2.67 |
|  clk_IBUF_BUFG     | Block_Rom/BRAM/blk_mem_gen_0/U0/inst_blk_mem_gen/gnbram.gnativebmg.native_blk_mem_gen/valid.cstr/ramloop[94].ram.r/prim_init.ram/DEVICE_7SERIES.NO_BMM_INFO.SDP.SIMPLE_PRIM36.ram_REGCEB_cooolgate_en_sig_193 | Block_Rom/BRAM/blk_mem_gen_0/U0/inst_blk_mem_gen/gnbram.gnativebmg.native_blk_mem_gen/valid.cstr/has_mux_b.B/doutb[6]_INST_0_i_41_psbram_and_n_2 |                2 |              8 |         4.00 |
|  clk_IBUF_BUFG     | Block_Rom/BRAM/blk_mem_gen_0/U0/inst_blk_mem_gen/gnbram.gnativebmg.native_blk_mem_gen/valid.cstr/ramloop[95].ram.r/prim_init.ram/DEVICE_7SERIES.NO_BMM_INFO.SDP.SIMPLE_PRIM36.ram_REGCEB_cooolgate_en_sig_194 | Block_Rom/BRAM/blk_mem_gen_0/U0/inst_blk_mem_gen/gnbram.gnativebmg.native_blk_mem_gen/valid.cstr/has_mux_b.B/doutb[6]_INST_0_i_41_psbram_and_n_1 |                4 |              8 |         2.00 |
|  clk_IBUF_BUFG     | sobel/data_out[7]_i_1_n_0                                                                                                                                                                                     |                                                                                                                                                  |                2 |              8 |         4.00 |
|  clk_IBUF_BUFG     | sobel/data[0][2][7]_i_1_n_0                                                                                                                                                                                   |                                                                                                                                                  |                2 |              8 |         4.00 |
|  clk_IBUF_BUFG     | sobel/data[0][0][7]_i_1_n_0                                                                                                                                                                                   |                                                                                                                                                  |                3 |              8 |         2.67 |
|  clk_IBUF_BUFG     | sobel/data[2][0][7]_i_1_n_0                                                                                                                                                                                   |                                                                                                                                                  |                2 |              8 |         4.00 |
|  clk_IBUF_BUFG     | Block_Rom/BRAM/blk_mem_gen_0/U0/inst_blk_mem_gen/gnbram.gnativebmg.native_blk_mem_gen/valid.cstr/ramloop[10].ram.r/prim_init.ram/DEVICE_7SERIES.NO_BMM_INFO.SDP.SIMPLE_PRIM36.ram_REGCEB_cooolgate_en_sig_107 | Block_Rom/BRAM/blk_mem_gen_0/U0/inst_blk_mem_gen/gnbram.gnativebmg.native_blk_mem_gen/valid.cstr/has_mux_b.B/doutb[6]_INST_0_i_36_psbram_and_n   |                4 |              8 |         2.00 |
|  clk_IBUF_BUFG     | Block_Rom/BRAM/blk_mem_gen_0/U0/inst_blk_mem_gen/gnbram.gnativebmg.native_blk_mem_gen/valid.cstr/ramloop[96].ram.r/prim_init.ram/DEVICE_7SERIES.NO_BMM_INFO.SDP.SIMPLE_PRIM36.ram_REGCEB_cooolgate_en_sig_293 | Block_Rom/BRAM/blk_mem_gen_0/U0/inst_blk_mem_gen/gnbram.gnativebmg.native_blk_mem_gen/valid.cstr/has_mux_b.B/doutb[6]_INST_0_i_7_psbram_and_n    |                4 |              8 |         2.00 |
|  clk_IBUF_BUFG     | Block_Rom/BRAM/blk_mem_gen_0/U0/inst_blk_mem_gen/gnbram.gnativebmg.native_blk_mem_gen/valid.cstr/ramloop[4].ram.r/prim_init.ram/DEVICE_7SERIES.NO_BMM_INFO.SDP.SIMPLE_PRIM36.ram_REGCEB_cooolgate_en_sig_103  | Block_Rom/BRAM/blk_mem_gen_0/U0/inst_blk_mem_gen/gnbram.gnativebmg.native_blk_mem_gen/valid.cstr/has_mux_b.B/doutb[6]_INST_0_i_35_psbram_and_n_1 |                5 |              8 |         1.60 |
|  clk_IBUF_BUFG     | Block_Rom/BRAM/blk_mem_gen_0/U0/inst_blk_mem_gen/gnbram.gnativebmg.native_blk_mem_gen/valid.cstr/ramloop[0].ram.r/prim_init.ram/DEVICE_7SERIES.NO_BMM_INFO.SDP.SIMPLE_PRIM36.ram_REGCEB_cooolgate_en_sig_99   | Block_Rom/BRAM/blk_mem_gen_0/U0/inst_blk_mem_gen/gnbram.gnativebmg.native_blk_mem_gen/valid.cstr/has_mux_b.B/doutb[6]_INST_0_i_34_psbram_and_n_2 |                5 |              8 |         1.60 |
|  clk_IBUF_BUFG     | Block_Rom/BRAM/blk_mem_gen_0/U0/inst_blk_mem_gen/gnbram.gnativebmg.native_blk_mem_gen/valid.cstr/ramloop[3].ram.r/prim_init.ram/DEVICE_7SERIES.NO_BMM_INFO.SDP.SIMPLE_PRIM36.ram_REGCEB_cooolgate_en_sig_102  | Block_Rom/BRAM/blk_mem_gen_0/U0/inst_blk_mem_gen/gnbram.gnativebmg.native_blk_mem_gen/valid.cstr/has_mux_b.B/doutb[6]_INST_0_i_34_psbram_and_n   |                4 |              8 |         2.00 |
|  clk_IBUF_BUFG     | Block_Rom/BRAM/blk_mem_gen_0/U0/inst_blk_mem_gen/gnbram.gnativebmg.native_blk_mem_gen/valid.cstr/ramloop[5].ram.r/prim_init.ram/DEVICE_7SERIES.NO_BMM_INFO.SDP.SIMPLE_PRIM36.ram_REGCEB_cooolgate_en_sig_104  | Block_Rom/BRAM/blk_mem_gen_0/U0/inst_blk_mem_gen/gnbram.gnativebmg.native_blk_mem_gen/valid.cstr/has_mux_b.B/doutb[6]_INST_0_i_35_psbram_and_n_3 |                3 |              8 |         2.67 |
|  clk_IBUF_BUFG     | Block_Rom/BRAM/blk_mem_gen_0/U0/inst_blk_mem_gen/gnbram.gnativebmg.native_blk_mem_gen/valid.cstr/ramloop[2].ram.r/prim_init.ram/DEVICE_7SERIES.NO_BMM_INFO.SDP.SIMPLE_PRIM36.ram_REGCEB_cooolgate_en_sig_101  | Block_Rom/BRAM/blk_mem_gen_0/U0/inst_blk_mem_gen/gnbram.gnativebmg.native_blk_mem_gen/valid.cstr/has_mux_b.B/doutb[6]_INST_0_i_34_psbram_and_n_3 |                6 |              8 |         1.33 |
|  clk_IBUF_BUFG     | Block_Rom/BRAM/blk_mem_gen_0/U0/inst_blk_mem_gen/gnbram.gnativebmg.native_blk_mem_gen/valid.cstr/ramloop[1].ram.r/prim_init.ram/DEVICE_7SERIES.NO_BMM_INFO.SDP.SIMPLE_PRIM36.ram_REGCEB_cooolgate_en_sig_100  | Block_Rom/BRAM/blk_mem_gen_0/U0/inst_blk_mem_gen/gnbram.gnativebmg.native_blk_mem_gen/valid.cstr/has_mux_b.B/doutb[6]_INST_0_i_34_psbram_and_n_1 |                5 |              8 |         1.60 |
|  clk_IBUF_BUFG     | Block_Rom/BRAM/blk_mem_gen_0/U0/inst_blk_mem_gen/gnbram.gnativebmg.native_blk_mem_gen/valid.cstr/ramloop[11].ram.r/prim_init.ram/DEVICE_7SERIES.NO_BMM_INFO.SDP.SIMPLE_PRIM36.ram_REGCEB_cooolgate_en_sig_108 | Block_Rom/BRAM/blk_mem_gen_0/U0/inst_blk_mem_gen/gnbram.gnativebmg.native_blk_mem_gen/valid.cstr/has_mux_b.B/doutb[6]_INST_0_i_36_psbram_and_n_2 |                6 |              8 |         1.33 |
|  clk_IBUF_BUFG     | Block_Rom/BRAM/blk_mem_gen_0/U0/inst_blk_mem_gen/gnbram.gnativebmg.native_blk_mem_gen/valid.cstr/ramloop[7].ram.r/prim_init.ram/DEVICE_7SERIES.NO_BMM_INFO.SDP.SIMPLE_PRIM36.ram_REGCEB_cooolgate_en_sig_106  | Block_Rom/BRAM/blk_mem_gen_0/U0/inst_blk_mem_gen/gnbram.gnativebmg.native_blk_mem_gen/valid.cstr/has_mux_b.B/doutb[6]_INST_0_i_35_psbram_and_n_2 |                4 |              8 |         2.00 |
|  clk_IBUF_BUFG     | Block_Rom/BRAM/blk_mem_gen_0/U0/inst_blk_mem_gen/gnbram.gnativebmg.native_blk_mem_gen/valid.cstr/ramloop[12].ram.r/prim_init.ram/DEVICE_7SERIES.NO_BMM_INFO.SDP.SIMPLE_PRIM36.ram_REGCEB_cooolgate_en_sig_109 | Block_Rom/BRAM/blk_mem_gen_0/U0/inst_blk_mem_gen/gnbram.gnativebmg.native_blk_mem_gen/valid.cstr/has_mux_b.B/doutb[6]_INST_0_i_37_psbram_and_n_2 |                4 |              8 |         2.00 |
|  clk_IBUF_BUFG     | Block_Rom/BRAM/blk_mem_gen_0/U0/inst_blk_mem_gen/gnbram.gnativebmg.native_blk_mem_gen/valid.cstr/ramloop[6].ram.r/prim_init.ram/DEVICE_7SERIES.NO_BMM_INFO.SDP.SIMPLE_PRIM36.ram_REGCEB_cooolgate_en_sig_105  | Block_Rom/BRAM/blk_mem_gen_0/U0/inst_blk_mem_gen/gnbram.gnativebmg.native_blk_mem_gen/valid.cstr/has_mux_b.B/doutb[6]_INST_0_i_35_psbram_and_n   |                4 |              8 |         2.00 |
|  clk_IBUF_BUFG     | Block_Rom/BRAM/blk_mem_gen_0/U0/inst_blk_mem_gen/gnbram.gnativebmg.native_blk_mem_gen/valid.cstr/ramloop[97].ram.r/prim_init.ram/DEVICE_7SERIES.NO_BMM_INFO.SDP.SIMPLE_PRIM36.ram_REGCEB_cooolgate_en_sig_294 | Block_Rom/BRAM/blk_mem_gen_0/U0/inst_blk_mem_gen/gnbram.gnativebmg.native_blk_mem_gen/valid.cstr/has_mux_b.B/doutb[6]_INST_0_i_7_psbram_and_n_1  |                5 |              8 |         1.60 |
|  clk_IBUF_BUFG     | Block_Rom/BRAM/blk_mem_gen_0/U0/inst_blk_mem_gen/gnbram.gnativebmg.native_blk_mem_gen/valid.cstr/ramloop[13].ram.r/prim_init.ram/DEVICE_7SERIES.NO_BMM_INFO.SDP.SIMPLE_PRIM36.ram_REGCEB_cooolgate_en_sig_110 | Block_Rom/BRAM/blk_mem_gen_0/U0/inst_blk_mem_gen/gnbram.gnativebmg.native_blk_mem_gen/valid.cstr/has_mux_b.B/doutb[6]_INST_0_i_37_psbram_and_n   |                5 |              8 |         1.60 |
|  clk_IBUF_BUFG     | Block_Rom/BRAM/blk_mem_gen_0/U0/inst_blk_mem_gen/gnbram.gnativebmg.native_blk_mem_gen/valid.cstr/ramloop[14].ram.r/prim_init.ram/DEVICE_7SERIES.NO_BMM_INFO.SDP.SIMPLE_PRIM36.ram_REGCEB_cooolgate_en_sig_111 | Block_Rom/BRAM/blk_mem_gen_0/U0/inst_blk_mem_gen/gnbram.gnativebmg.native_blk_mem_gen/valid.cstr/has_mux_b.B/doutb[6]_INST_0_i_37_psbram_and_n_1 |                6 |              8 |         1.33 |
|  clk_IBUF_BUFG     | Block_Rom/BRAM/blk_mem_gen_0/U0/inst_blk_mem_gen/gnbram.gnativebmg.native_blk_mem_gen/valid.cstr/ramloop[9].ram.r/prim_init.ram/DEVICE_7SERIES.NO_BMM_INFO.SDP.SIMPLE_PRIM36.ram_REGCEB_cooolgate_en_sig_114  | Block_Rom/BRAM/blk_mem_gen_0/U0/inst_blk_mem_gen/gnbram.gnativebmg.native_blk_mem_gen/valid.cstr/has_mux_b.B/doutb[6]_INST_0_i_36_psbram_and_n_1 |                4 |              8 |         2.00 |
|  clk_IBUF_BUFG     | Block_Rom/BRAM/blk_mem_gen_0/U0/inst_blk_mem_gen/gnbram.gnativebmg.native_blk_mem_gen/valid.cstr/ramloop[8].ram.r/prim_init.ram/DEVICE_7SERIES.NO_BMM_INFO.SDP.SIMPLE_PRIM36.ram_REGCEB_cooolgate_en_sig_113  | Block_Rom/BRAM/blk_mem_gen_0/U0/inst_blk_mem_gen/gnbram.gnativebmg.native_blk_mem_gen/valid.cstr/has_mux_b.B/doutb[6]_INST_0_i_36_psbram_and_n_3 |                5 |              8 |         1.60 |
|  clk_IBUF_BUFG     | Block_Rom/BRAM/blk_mem_gen_0/U0/inst_blk_mem_gen/gnbram.gnativebmg.native_blk_mem_gen/valid.cstr/ramloop[15].ram.r/prim_init.ram/DEVICE_7SERIES.NO_BMM_INFO.SDP.SIMPLE_PRIM36.ram_REGCEB_cooolgate_en_sig_112 | Block_Rom/BRAM/blk_mem_gen_0/U0/inst_blk_mem_gen/gnbram.gnativebmg.native_blk_mem_gen/valid.cstr/has_mux_b.B/doutb[6]_INST_0_i_37_psbram_and_n_3 |                5 |              8 |         1.60 |
|  clk_IBUF_BUFG     | Block_Rom/BRAM/blk_mem_gen_0/U0/inst_blk_mem_gen/gnbram.gnativebmg.native_blk_mem_gen/valid.cstr/ramloop[19].ram.r/prim_init.ram/DEVICE_7SERIES.NO_BMM_INFO.SDP.SIMPLE_PRIM36.ram_REGCEB_cooolgate_en_sig_118 | Block_Rom/BRAM/blk_mem_gen_0/U0/inst_blk_mem_gen/gnbram.gnativebmg.native_blk_mem_gen/valid.cstr/has_mux_b.B/doutb[6]_INST_0_i_30_psbram_and_n_2 |                5 |              8 |         1.60 |
|  clk_IBUF_BUFG     | Block_Rom/BRAM/blk_mem_gen_0/U0/inst_blk_mem_gen/gnbram.gnativebmg.native_blk_mem_gen/valid.cstr/ramloop[20].ram.r/prim_init.ram/DEVICE_7SERIES.NO_BMM_INFO.SDP.SIMPLE_PRIM36.ram_REGCEB_cooolgate_en_sig_119 | Block_Rom/BRAM/blk_mem_gen_0/U0/inst_blk_mem_gen/gnbram.gnativebmg.native_blk_mem_gen/valid.cstr/has_mux_b.B/doutb[6]_INST_0_i_31_psbram_and_n_1 |                5 |              8 |         1.60 |
|  clk_IBUF_BUFG     | Block_Rom/BRAM/blk_mem_gen_0/U0/inst_blk_mem_gen/gnbram.gnativebmg.native_blk_mem_gen/valid.cstr/ramloop[16].ram.r/prim_init.ram/DEVICE_7SERIES.NO_BMM_INFO.SDP.SIMPLE_PRIM36.ram_REGCEB_cooolgate_en_sig_115 | Block_Rom/BRAM/blk_mem_gen_0/U0/inst_blk_mem_gen/gnbram.gnativebmg.native_blk_mem_gen/valid.cstr/has_mux_b.B/doutb[6]_INST_0_i_30_psbram_and_n   |                5 |              8 |         1.60 |
|  clk_IBUF_BUFG     | Block_Rom/BRAM/blk_mem_gen_0/U0/inst_blk_mem_gen/gnbram.gnativebmg.native_blk_mem_gen/valid.cstr/ramloop[17].ram.r/prim_init.ram/DEVICE_7SERIES.NO_BMM_INFO.SDP.SIMPLE_PRIM36.ram_REGCEB_cooolgate_en_sig_116 | Block_Rom/BRAM/blk_mem_gen_0/U0/inst_blk_mem_gen/gnbram.gnativebmg.native_blk_mem_gen/valid.cstr/has_mux_b.B/doutb[6]_INST_0_i_30_psbram_and_n_1 |                5 |              8 |         1.60 |
|  clk_IBUF_BUFG     | Block_Rom/BRAM/blk_mem_gen_0/U0/inst_blk_mem_gen/gnbram.gnativebmg.native_blk_mem_gen/valid.cstr/ramloop[22].ram.r/prim_init.ram/DEVICE_7SERIES.NO_BMM_INFO.SDP.SIMPLE_PRIM36.ram_REGCEB_cooolgate_en_sig_121 | Block_Rom/BRAM/blk_mem_gen_0/U0/inst_blk_mem_gen/gnbram.gnativebmg.native_blk_mem_gen/valid.cstr/has_mux_b.B/doutb[6]_INST_0_i_31_psbram_and_n_2 |                5 |              8 |         1.60 |
|  clk_IBUF_BUFG     | Block_Rom/BRAM/blk_mem_gen_0/U0/inst_blk_mem_gen/gnbram.gnativebmg.native_blk_mem_gen/valid.cstr/ramloop[21].ram.r/prim_init.ram/DEVICE_7SERIES.NO_BMM_INFO.SDP.SIMPLE_PRIM36.ram_REGCEB_cooolgate_en_sig_120 | Block_Rom/BRAM/blk_mem_gen_0/U0/inst_blk_mem_gen/gnbram.gnativebmg.native_blk_mem_gen/valid.cstr/has_mux_b.B/doutb[6]_INST_0_i_31_psbram_and_n   |                5 |              8 |         1.60 |
|  clk_IBUF_BUFG     | Block_Rom/BRAM/blk_mem_gen_0/U0/inst_blk_mem_gen/gnbram.gnativebmg.native_blk_mem_gen/valid.cstr/ramloop[23].ram.r/prim_init.ram/DEVICE_7SERIES.NO_BMM_INFO.SDP.SIMPLE_PRIM36.ram_REGCEB_cooolgate_en_sig_122 | Block_Rom/BRAM/blk_mem_gen_0/U0/inst_blk_mem_gen/gnbram.gnativebmg.native_blk_mem_gen/valid.cstr/has_mux_b.B/doutb[6]_INST_0_i_31_psbram_and_n_3 |                5 |              8 |         1.60 |
|  clk_IBUF_BUFG     | Block_Rom/BRAM/blk_mem_gen_0/U0/inst_blk_mem_gen/gnbram.gnativebmg.native_blk_mem_gen/valid.cstr/ramloop[31].ram.r/prim_init.ram/DEVICE_7SERIES.NO_BMM_INFO.SDP.SIMPLE_PRIM36.ram_REGCEB_cooolgate_en_sig_130 | Block_Rom/BRAM/blk_mem_gen_0/U0/inst_blk_mem_gen/gnbram.gnativebmg.native_blk_mem_gen/valid.cstr/has_mux_b.B/doutb[6]_INST_0_i_33_psbram_and_n   |                4 |              8 |         2.00 |
|  clk_IBUF_BUFG     | Block_Rom/BRAM/blk_mem_gen_0/U0/inst_blk_mem_gen/gnbram.gnativebmg.native_blk_mem_gen/valid.cstr/ramloop[49].ram.r/prim_init.ram/DEVICE_7SERIES.NO_BMM_INFO.SDP.SIMPLE_PRIM36.ram_REGCEB_cooolgate_en_sig_148 | Block_Rom/BRAM/blk_mem_gen_0/U0/inst_blk_mem_gen/gnbram.gnativebmg.native_blk_mem_gen/valid.cstr/has_mux_b.B/doutb[6]_INST_0_i_22_psbram_and_n_3 |                6 |              8 |         1.33 |
|  clk_IBUF_BUFG     | Block_Rom/BRAM/blk_mem_gen_0/U0/inst_blk_mem_gen/gnbram.gnativebmg.native_blk_mem_gen/valid.cstr/ramloop[26].ram.r/prim_init.ram/DEVICE_7SERIES.NO_BMM_INFO.SDP.SIMPLE_PRIM36.ram_REGCEB_cooolgate_en_sig_125 | Block_Rom/BRAM/blk_mem_gen_0/U0/inst_blk_mem_gen/gnbram.gnativebmg.native_blk_mem_gen/valid.cstr/has_mux_b.B/doutb[6]_INST_0_i_32_psbram_and_n   |                5 |              8 |         1.60 |
|  clk_IBUF_BUFG     | Block_Rom/BRAM/blk_mem_gen_0/U0/inst_blk_mem_gen/gnbram.gnativebmg.native_blk_mem_gen/valid.cstr/ramloop[29].ram.r/prim_init.ram/DEVICE_7SERIES.NO_BMM_INFO.SDP.SIMPLE_PRIM36.ram_REGCEB_cooolgate_en_sig_128 | Block_Rom/BRAM/blk_mem_gen_0/U0/inst_blk_mem_gen/gnbram.gnativebmg.native_blk_mem_gen/valid.cstr/has_mux_b.B/doutb[6]_INST_0_i_33_psbram_and_n_1 |                6 |              8 |         1.33 |
|  clk_IBUF_BUFG     | Block_Rom/BRAM/blk_mem_gen_0/U0/inst_blk_mem_gen/gnbram.gnativebmg.native_blk_mem_gen/valid.cstr/ramloop[27].ram.r/prim_init.ram/DEVICE_7SERIES.NO_BMM_INFO.SDP.SIMPLE_PRIM36.ram_REGCEB_cooolgate_en_sig_126 | Block_Rom/BRAM/blk_mem_gen_0/U0/inst_blk_mem_gen/gnbram.gnativebmg.native_blk_mem_gen/valid.cstr/has_mux_b.B/doutb[6]_INST_0_i_32_psbram_and_n_1 |                3 |              8 |         2.67 |
|  clk_IBUF_BUFG     | Block_Rom/BRAM/blk_mem_gen_0/U0/inst_blk_mem_gen/gnbram.gnativebmg.native_blk_mem_gen/valid.cstr/ramloop[30].ram.r/prim_init.ram/DEVICE_7SERIES.NO_BMM_INFO.SDP.SIMPLE_PRIM36.ram_REGCEB_cooolgate_en_sig_129 | Block_Rom/BRAM/blk_mem_gen_0/U0/inst_blk_mem_gen/gnbram.gnativebmg.native_blk_mem_gen/valid.cstr/has_mux_b.B/doutb[6]_INST_0_i_33_psbram_and_n_2 |                4 |              8 |         2.00 |
|  clk_IBUF_BUFG     | Block_Rom/BRAM/blk_mem_gen_0/U0/inst_blk_mem_gen/gnbram.gnativebmg.native_blk_mem_gen/valid.cstr/ramloop[35].ram.r/prim_init.ram/DEVICE_7SERIES.NO_BMM_INFO.SDP.SIMPLE_PRIM36.ram_REGCEB_cooolgate_en_sig_134 | Block_Rom/BRAM/blk_mem_gen_0/U0/inst_blk_mem_gen/gnbram.gnativebmg.native_blk_mem_gen/valid.cstr/has_mux_b.B/doutb[6]_INST_0_i_26_psbram_and_n_2 |                4 |              8 |         2.00 |
|  clk_IBUF_BUFG     | Block_Rom/BRAM/blk_mem_gen_0/U0/inst_blk_mem_gen/gnbram.gnativebmg.native_blk_mem_gen/valid.cstr/ramloop[36].ram.r/prim_init.ram/DEVICE_7SERIES.NO_BMM_INFO.SDP.SIMPLE_PRIM36.ram_REGCEB_cooolgate_en_sig_135 | Block_Rom/BRAM/blk_mem_gen_0/U0/inst_blk_mem_gen/gnbram.gnativebmg.native_blk_mem_gen/valid.cstr/has_mux_b.B/doutb[6]_INST_0_i_27_psbram_and_n_3 |                3 |              8 |         2.67 |
|  clk_IBUF_BUFG     | Block_Rom/BRAM/blk_mem_gen_0/U0/inst_blk_mem_gen/gnbram.gnativebmg.native_blk_mem_gen/valid.cstr/ramloop[34].ram.r/prim_init.ram/DEVICE_7SERIES.NO_BMM_INFO.SDP.SIMPLE_PRIM36.ram_REGCEB_cooolgate_en_sig_133 | Block_Rom/BRAM/blk_mem_gen_0/U0/inst_blk_mem_gen/gnbram.gnativebmg.native_blk_mem_gen/valid.cstr/has_mux_b.B/doutb[6]_INST_0_i_26_psbram_and_n   |                3 |              8 |         2.67 |
|  clk_IBUF_BUFG     | Block_Rom/BRAM/blk_mem_gen_0/U0/inst_blk_mem_gen/gnbram.gnativebmg.native_blk_mem_gen/valid.cstr/ramloop[33].ram.r/prim_init.ram/DEVICE_7SERIES.NO_BMM_INFO.SDP.SIMPLE_PRIM36.ram_REGCEB_cooolgate_en_sig_132 | Block_Rom/BRAM/blk_mem_gen_0/U0/inst_blk_mem_gen/gnbram.gnativebmg.native_blk_mem_gen/valid.cstr/has_mux_b.B/doutb[6]_INST_0_i_26_psbram_and_n_1 |                7 |              8 |         1.14 |
|  clk_IBUF_BUFG     | Block_Rom/BRAM/blk_mem_gen_0/U0/inst_blk_mem_gen/gnbram.gnativebmg.native_blk_mem_gen/valid.cstr/ramloop[37].ram.r/prim_init.ram/DEVICE_7SERIES.NO_BMM_INFO.SDP.SIMPLE_PRIM36.ram_REGCEB_cooolgate_en_sig_136 | Block_Rom/BRAM/blk_mem_gen_0/U0/inst_blk_mem_gen/gnbram.gnativebmg.native_blk_mem_gen/valid.cstr/has_mux_b.B/doutb[6]_INST_0_i_27_psbram_and_n   |                3 |              8 |         2.67 |
|  clk_IBUF_BUFG     | Block_Rom/BRAM/blk_mem_gen_0/U0/inst_blk_mem_gen/gnbram.gnativebmg.native_blk_mem_gen/valid.cstr/ramloop[41].ram.r/prim_init.ram/DEVICE_7SERIES.NO_BMM_INFO.SDP.SIMPLE_PRIM36.ram_REGCEB_cooolgate_en_sig_140 | Block_Rom/BRAM/blk_mem_gen_0/U0/inst_blk_mem_gen/gnbram.gnativebmg.native_blk_mem_gen/valid.cstr/has_mux_b.B/doutb[6]_INST_0_i_28_psbram_and_n_3 |                4 |              8 |         2.00 |
|  clk_IBUF_BUFG     | Block_Rom/BRAM/blk_mem_gen_0/U0/inst_blk_mem_gen/gnbram.gnativebmg.native_blk_mem_gen/valid.cstr/ramloop[38].ram.r/prim_init.ram/DEVICE_7SERIES.NO_BMM_INFO.SDP.SIMPLE_PRIM36.ram_REGCEB_cooolgate_en_sig_137 | Block_Rom/BRAM/blk_mem_gen_0/U0/inst_blk_mem_gen/gnbram.gnativebmg.native_blk_mem_gen/valid.cstr/has_mux_b.B/doutb[6]_INST_0_i_27_psbram_and_n_2 |                2 |              8 |         4.00 |
|  clk_IBUF_BUFG     | Block_Rom/BRAM/blk_mem_gen_0/U0/inst_blk_mem_gen/gnbram.gnativebmg.native_blk_mem_gen/valid.cstr/ramloop[39].ram.r/prim_init.ram/DEVICE_7SERIES.NO_BMM_INFO.SDP.SIMPLE_PRIM36.ram_REGCEB_cooolgate_en_sig_138 | Block_Rom/BRAM/blk_mem_gen_0/U0/inst_blk_mem_gen/gnbram.gnativebmg.native_blk_mem_gen/valid.cstr/has_mux_b.B/doutb[6]_INST_0_i_27_psbram_and_n_1 |                3 |              8 |         2.67 |
|  clk_IBUF_BUFG     | Block_Rom/BRAM/blk_mem_gen_0/U0/inst_blk_mem_gen/gnbram.gnativebmg.native_blk_mem_gen/valid.cstr/ramloop[40].ram.r/prim_init.ram/DEVICE_7SERIES.NO_BMM_INFO.SDP.SIMPLE_PRIM36.ram_REGCEB_cooolgate_en_sig_139 | Block_Rom/BRAM/blk_mem_gen_0/U0/inst_blk_mem_gen/gnbram.gnativebmg.native_blk_mem_gen/valid.cstr/has_mux_b.B/doutb[6]_INST_0_i_28_psbram_and_n   |                2 |              8 |         4.00 |
|  clk_IBUF_BUFG     | Block_Rom/BRAM/blk_mem_gen_0/U0/inst_blk_mem_gen/gnbram.gnativebmg.native_blk_mem_gen/valid.cstr/ramloop[45].ram.r/prim_init.ram/DEVICE_7SERIES.NO_BMM_INFO.SDP.SIMPLE_PRIM36.ram_REGCEB_cooolgate_en_sig_144 | Block_Rom/BRAM/blk_mem_gen_0/U0/inst_blk_mem_gen/gnbram.gnativebmg.native_blk_mem_gen/valid.cstr/has_mux_b.B/doutb[6]_INST_0_i_29_psbram_and_n_1 |                4 |              8 |         2.00 |
|  clk_IBUF_BUFG     | Block_Rom/BRAM/blk_mem_gen_0/U0/inst_blk_mem_gen/gnbram.gnativebmg.native_blk_mem_gen/valid.cstr/ramloop[43].ram.r/prim_init.ram/DEVICE_7SERIES.NO_BMM_INFO.SDP.SIMPLE_PRIM36.ram_REGCEB_cooolgate_en_sig_142 | Block_Rom/BRAM/blk_mem_gen_0/U0/inst_blk_mem_gen/gnbram.gnativebmg.native_blk_mem_gen/valid.cstr/has_mux_b.B/doutb[6]_INST_0_i_28_psbram_and_n_1 |                2 |              8 |         4.00 |
|  clk_IBUF_BUFG     | Block_Rom/BRAM/blk_mem_gen_0/U0/inst_blk_mem_gen/gnbram.gnativebmg.native_blk_mem_gen/valid.cstr/ramloop[42].ram.r/prim_init.ram/DEVICE_7SERIES.NO_BMM_INFO.SDP.SIMPLE_PRIM36.ram_REGCEB_cooolgate_en_sig_141 | Block_Rom/BRAM/blk_mem_gen_0/U0/inst_blk_mem_gen/gnbram.gnativebmg.native_blk_mem_gen/valid.cstr/has_mux_b.B/doutb[6]_INST_0_i_28_psbram_and_n_2 |                5 |              8 |         1.60 |
|  clk_IBUF_BUFG     | Block_Rom/BRAM/blk_mem_gen_0/U0/inst_blk_mem_gen/gnbram.gnativebmg.native_blk_mem_gen/valid.cstr/ramloop[46].ram.r/prim_init.ram/DEVICE_7SERIES.NO_BMM_INFO.SDP.SIMPLE_PRIM36.ram_REGCEB_cooolgate_en_sig_145 | Block_Rom/BRAM/blk_mem_gen_0/U0/inst_blk_mem_gen/gnbram.gnativebmg.native_blk_mem_gen/valid.cstr/has_mux_b.B/doutb[6]_INST_0_i_29_psbram_and_n   |                2 |              8 |         4.00 |
|  clk_IBUF_BUFG     | Block_Rom/BRAM/blk_mem_gen_0/U0/inst_blk_mem_gen/gnbram.gnativebmg.native_blk_mem_gen/valid.cstr/ramloop[44].ram.r/prim_init.ram/DEVICE_7SERIES.NO_BMM_INFO.SDP.SIMPLE_PRIM36.ram_REGCEB_cooolgate_en_sig_143 | Block_Rom/BRAM/blk_mem_gen_0/U0/inst_blk_mem_gen/gnbram.gnativebmg.native_blk_mem_gen/valid.cstr/has_mux_b.B/doutb[6]_INST_0_i_29_psbram_and_n_3 |                5 |              8 |         1.60 |
|  clk_IBUF_BUFG     | Block_Rom/BRAM/blk_mem_gen_0/U0/inst_blk_mem_gen/gnbram.gnativebmg.native_blk_mem_gen/valid.cstr/ramloop[47].ram.r/prim_init.ram/DEVICE_7SERIES.NO_BMM_INFO.SDP.SIMPLE_PRIM36.ram_REGCEB_cooolgate_en_sig_146 | Block_Rom/BRAM/blk_mem_gen_0/U0/inst_blk_mem_gen/gnbram.gnativebmg.native_blk_mem_gen/valid.cstr/has_mux_b.B/doutb[6]_INST_0_i_29_psbram_and_n_2 |                2 |              8 |         4.00 |
|  clk_IBUF_BUFG     | Block_Rom/BRAM/blk_mem_gen_0/U0/inst_blk_mem_gen/gnbram.gnativebmg.native_blk_mem_gen/valid.cstr/ramloop[50].ram.r/prim_init.ram/DEVICE_7SERIES.NO_BMM_INFO.SDP.SIMPLE_PRIM36.ram_REGCEB_cooolgate_en_sig_149 | Block_Rom/BRAM/blk_mem_gen_0/U0/inst_blk_mem_gen/gnbram.gnativebmg.native_blk_mem_gen/valid.cstr/has_mux_b.B/doutb[6]_INST_0_i_22_psbram_and_n   |                3 |              8 |         2.67 |
|  clk_IBUF_BUFG     | Block_Rom/BRAM/blk_mem_gen_0/U0/inst_blk_mem_gen/gnbram.gnativebmg.native_blk_mem_gen/valid.cstr/ramloop[48].ram.r/prim_init.ram/DEVICE_7SERIES.NO_BMM_INFO.SDP.SIMPLE_PRIM36.ram_REGCEB_cooolgate_en_sig_147 | Block_Rom/BRAM/blk_mem_gen_0/U0/inst_blk_mem_gen/gnbram.gnativebmg.native_blk_mem_gen/valid.cstr/has_mux_b.B/doutb[6]_INST_0_i_22_psbram_and_n_1 |                6 |              8 |         1.33 |
|  clk_IBUF_BUFG     | Block_Rom/BRAM/blk_mem_gen_0/U0/inst_blk_mem_gen/gnbram.gnativebmg.native_blk_mem_gen/valid.cstr/ramloop[53].ram.r/prim_init.ram/DEVICE_7SERIES.NO_BMM_INFO.SDP.SIMPLE_PRIM36.ram_REGCEB_cooolgate_en_sig_152 | Block_Rom/BRAM/blk_mem_gen_0/U0/inst_blk_mem_gen/gnbram.gnativebmg.native_blk_mem_gen/valid.cstr/has_mux_b.B/doutb[6]_INST_0_i_23_psbram_and_n   |                4 |              8 |         2.00 |
|  clk_IBUF_BUFG     | Block_Rom/BRAM/blk_mem_gen_0/U0/inst_blk_mem_gen/gnbram.gnativebmg.native_blk_mem_gen/valid.cstr/ramloop[54].ram.r/prim_init.ram/DEVICE_7SERIES.NO_BMM_INFO.SDP.SIMPLE_PRIM36.ram_REGCEB_cooolgate_en_sig_153 | Block_Rom/BRAM/blk_mem_gen_0/U0/inst_blk_mem_gen/gnbram.gnativebmg.native_blk_mem_gen/valid.cstr/has_mux_b.B/doutb[6]_INST_0_i_23_psbram_and_n_1 |                6 |              8 |         1.33 |
|  clk_IBUF_BUFG     | Block_Rom/BRAM/blk_mem_gen_0/U0/inst_blk_mem_gen/gnbram.gnativebmg.native_blk_mem_gen/valid.cstr/ramloop[55].ram.r/prim_init.ram/DEVICE_7SERIES.NO_BMM_INFO.SDP.SIMPLE_PRIM36.ram_REGCEB_cooolgate_en_sig_154 | Block_Rom/BRAM/blk_mem_gen_0/U0/inst_blk_mem_gen/gnbram.gnativebmg.native_blk_mem_gen/valid.cstr/has_mux_b.B/doutb[6]_INST_0_i_23_psbram_and_n_2 |                3 |              8 |         2.67 |
|  clk_IBUF_BUFG     | Block_Rom/BRAM/blk_mem_gen_0/U0/inst_blk_mem_gen/gnbram.gnativebmg.native_blk_mem_gen/valid.cstr/ramloop[52].ram.r/prim_init.ram/DEVICE_7SERIES.NO_BMM_INFO.SDP.SIMPLE_PRIM36.ram_REGCEB_cooolgate_en_sig_151 | Block_Rom/BRAM/blk_mem_gen_0/U0/inst_blk_mem_gen/gnbram.gnativebmg.native_blk_mem_gen/valid.cstr/has_mux_b.B/doutb[6]_INST_0_i_23_psbram_and_n_3 |                5 |              8 |         1.60 |
|  clk_IBUF_BUFG     | Block_Rom/BRAM/blk_mem_gen_0/U0/inst_blk_mem_gen/gnbram.gnativebmg.native_blk_mem_gen/valid.cstr/ramloop[51].ram.r/prim_init.ram/DEVICE_7SERIES.NO_BMM_INFO.SDP.SIMPLE_PRIM36.ram_REGCEB_cooolgate_en_sig_150 | Block_Rom/BRAM/blk_mem_gen_0/U0/inst_blk_mem_gen/gnbram.gnativebmg.native_blk_mem_gen/valid.cstr/has_mux_b.B/doutb[6]_INST_0_i_22_psbram_and_n_2 |                3 |              8 |         2.67 |
|  clk_IBUF_BUFG     | Block_Rom/BRAM/blk_mem_gen_0/U0/inst_blk_mem_gen/gnbram.gnativebmg.native_blk_mem_gen/valid.cstr/ramloop[59].ram.r/prim_init.ram/DEVICE_7SERIES.NO_BMM_INFO.SDP.SIMPLE_PRIM36.ram_REGCEB_cooolgate_en_sig_158 | Block_Rom/BRAM/blk_mem_gen_0/U0/inst_blk_mem_gen/gnbram.gnativebmg.native_blk_mem_gen/valid.cstr/has_mux_b.B/doutb[6]_INST_0_i_24_psbram_and_n_1 |                4 |              8 |         2.00 |
|  clk_IBUF_BUFG     | Block_Rom/BRAM/blk_mem_gen_0/U0/inst_blk_mem_gen/gnbram.gnativebmg.native_blk_mem_gen/valid.cstr/ramloop[57].ram.r/prim_init.ram/DEVICE_7SERIES.NO_BMM_INFO.SDP.SIMPLE_PRIM36.ram_REGCEB_cooolgate_en_sig_156 | Block_Rom/BRAM/blk_mem_gen_0/U0/inst_blk_mem_gen/gnbram.gnativebmg.native_blk_mem_gen/valid.cstr/has_mux_b.B/doutb[6]_INST_0_i_24_psbram_and_n_3 |                2 |              8 |         4.00 |
|  clk_IBUF_BUFG     | Block_Rom/BRAM/blk_mem_gen_0/U0/inst_blk_mem_gen/gnbram.gnativebmg.native_blk_mem_gen/valid.cstr/ramloop[60].ram.r/prim_init.ram/DEVICE_7SERIES.NO_BMM_INFO.SDP.SIMPLE_PRIM36.ram_REGCEB_cooolgate_en_sig_159 | Block_Rom/BRAM/blk_mem_gen_0/U0/inst_blk_mem_gen/gnbram.gnativebmg.native_blk_mem_gen/valid.cstr/has_mux_b.B/doutb[6]_INST_0_i_25_psbram_and_n_2 |                5 |              8 |         1.60 |
|  clk_IBUF_BUFG     | Block_Rom/BRAM/blk_mem_gen_0/U0/inst_blk_mem_gen/gnbram.gnativebmg.native_blk_mem_gen/valid.cstr/ramloop[58].ram.r/prim_init.ram/DEVICE_7SERIES.NO_BMM_INFO.SDP.SIMPLE_PRIM36.ram_REGCEB_cooolgate_en_sig_157 | Block_Rom/BRAM/blk_mem_gen_0/U0/inst_blk_mem_gen/gnbram.gnativebmg.native_blk_mem_gen/valid.cstr/has_mux_b.B/doutb[6]_INST_0_i_24_psbram_and_n   |                3 |              8 |         2.67 |
|  clk_IBUF_BUFG     | Block_Rom/BRAM/blk_mem_gen_0/U0/inst_blk_mem_gen/gnbram.gnativebmg.native_blk_mem_gen/valid.cstr/ramloop[56].ram.r/prim_init.ram/DEVICE_7SERIES.NO_BMM_INFO.SDP.SIMPLE_PRIM36.ram_REGCEB_cooolgate_en_sig_155 | Block_Rom/BRAM/blk_mem_gen_0/U0/inst_blk_mem_gen/gnbram.gnativebmg.native_blk_mem_gen/valid.cstr/has_mux_b.B/doutb[6]_INST_0_i_24_psbram_and_n_2 |                4 |              8 |         2.00 |
|  clk_IBUF_BUFG     | Block_Rom/BRAM/blk_mem_gen_0/U0/inst_blk_mem_gen/gnbram.gnativebmg.native_blk_mem_gen/valid.cstr/ramloop[64].ram.r/prim_init.ram/DEVICE_7SERIES.NO_BMM_INFO.SDP.SIMPLE_PRIM36.ram_REGCEB_cooolgate_en_sig_163 | Block_Rom/BRAM/blk_mem_gen_0/U0/inst_blk_mem_gen/gnbram.gnativebmg.native_blk_mem_gen/valid.cstr/has_mux_b.B/doutb[6]_INST_0_i_42_psbram_and_n   |                3 |              8 |         2.67 |
|  clk_IBUF_BUFG     | Block_Rom/BRAM/blk_mem_gen_0/U0/inst_blk_mem_gen/gnbram.gnativebmg.native_blk_mem_gen/valid.cstr/ramloop[62].ram.r/prim_init.ram/DEVICE_7SERIES.NO_BMM_INFO.SDP.SIMPLE_PRIM36.ram_REGCEB_cooolgate_en_sig_161 | Block_Rom/BRAM/blk_mem_gen_0/U0/inst_blk_mem_gen/gnbram.gnativebmg.native_blk_mem_gen/valid.cstr/has_mux_b.B/doutb[6]_INST_0_i_25_psbram_and_n   |                3 |              8 |         2.67 |
|  clk_IBUF_BUFG     | Block_Rom/BRAM/blk_mem_gen_0/U0/inst_blk_mem_gen/gnbram.gnativebmg.native_blk_mem_gen/valid.cstr/ramloop[65].ram.r/prim_init.ram/DEVICE_7SERIES.NO_BMM_INFO.SDP.SIMPLE_PRIM36.ram_REGCEB_cooolgate_en_sig_164 | Block_Rom/BRAM/blk_mem_gen_0/U0/inst_blk_mem_gen/gnbram.gnativebmg.native_blk_mem_gen/valid.cstr/has_mux_b.B/doutb[6]_INST_0_i_42_psbram_and_n_2 |                4 |              8 |         2.00 |
|  clk_IBUF_BUFG     | Block_Rom/BRAM/blk_mem_gen_0/U0/inst_blk_mem_gen/gnbram.gnativebmg.native_blk_mem_gen/valid.cstr/ramloop[61].ram.r/prim_init.ram/DEVICE_7SERIES.NO_BMM_INFO.SDP.SIMPLE_PRIM36.ram_REGCEB_cooolgate_en_sig_160 | Block_Rom/BRAM/blk_mem_gen_0/U0/inst_blk_mem_gen/gnbram.gnativebmg.native_blk_mem_gen/valid.cstr/has_mux_b.B/doutb[6]_INST_0_i_25_psbram_and_n_1 |                6 |              8 |         1.33 |
|  clk_IBUF_BUFG     | Block_Rom/BRAM/blk_mem_gen_0/U0/inst_blk_mem_gen/gnbram.gnativebmg.native_blk_mem_gen/valid.cstr/ramloop[63].ram.r/prim_init.ram/DEVICE_7SERIES.NO_BMM_INFO.SDP.SIMPLE_PRIM36.ram_REGCEB_cooolgate_en_sig_162 | Block_Rom/BRAM/blk_mem_gen_0/U0/inst_blk_mem_gen/gnbram.gnativebmg.native_blk_mem_gen/valid.cstr/has_mux_b.B/doutb[6]_INST_0_i_25_psbram_and_n_3 |                6 |              8 |         1.33 |
|  clk_IBUF_BUFG     | Block_Rom/BRAM/blk_mem_gen_0/U0/inst_blk_mem_gen/gnbram.gnativebmg.native_blk_mem_gen/valid.cstr/ramloop[69].ram.r/prim_init.ram/DEVICE_7SERIES.NO_BMM_INFO.SDP.SIMPLE_PRIM36.ram_REGCEB_cooolgate_en_sig_168 | Block_Rom/BRAM/blk_mem_gen_0/U0/inst_blk_mem_gen/gnbram.gnativebmg.native_blk_mem_gen/valid.cstr/has_mux_b.B/doutb[6]_INST_0_i_43_psbram_and_n_3 |                4 |              8 |         2.00 |
|  clk_IBUF_BUFG     | Block_Rom/BRAM/blk_mem_gen_0/U0/inst_blk_mem_gen/gnbram.gnativebmg.native_blk_mem_gen/valid.cstr/ramloop[70].ram.r/prim_init.ram/DEVICE_7SERIES.NO_BMM_INFO.SDP.SIMPLE_PRIM36.ram_REGCEB_cooolgate_en_sig_169 | Block_Rom/BRAM/blk_mem_gen_0/U0/inst_blk_mem_gen/gnbram.gnativebmg.native_blk_mem_gen/valid.cstr/has_mux_b.B/doutb[6]_INST_0_i_43_psbram_and_n_1 |                5 |              8 |         1.60 |
|  clk_IBUF_BUFG     | Block_Rom/BRAM/blk_mem_gen_0/U0/inst_blk_mem_gen/gnbram.gnativebmg.native_blk_mem_gen/valid.cstr/ramloop[66].ram.r/prim_init.ram/DEVICE_7SERIES.NO_BMM_INFO.SDP.SIMPLE_PRIM36.ram_REGCEB_cooolgate_en_sig_165 | Block_Rom/BRAM/blk_mem_gen_0/U0/inst_blk_mem_gen/gnbram.gnativebmg.native_blk_mem_gen/valid.cstr/has_mux_b.B/doutb[6]_INST_0_i_42_psbram_and_n_1 |                3 |              8 |         2.67 |
|  clk_IBUF_BUFG     | Block_Rom/BRAM/blk_mem_gen_0/U0/inst_blk_mem_gen/gnbram.gnativebmg.native_blk_mem_gen/valid.cstr/ramloop[67].ram.r/prim_init.ram/DEVICE_7SERIES.NO_BMM_INFO.SDP.SIMPLE_PRIM36.ram_REGCEB_cooolgate_en_sig_166 | Block_Rom/BRAM/blk_mem_gen_0/U0/inst_blk_mem_gen/gnbram.gnativebmg.native_blk_mem_gen/valid.cstr/has_mux_b.B/doutb[6]_INST_0_i_42_psbram_and_n_3 |                7 |              8 |         1.14 |
|  clk_IBUF_BUFG     | Block_Rom/BRAM/blk_mem_gen_0/U0/inst_blk_mem_gen/gnbram.gnativebmg.native_blk_mem_gen/valid.cstr/ramloop[68].ram.r/prim_init.ram/DEVICE_7SERIES.NO_BMM_INFO.SDP.SIMPLE_PRIM36.ram_REGCEB_cooolgate_en_sig_167 | Block_Rom/BRAM/blk_mem_gen_0/U0/inst_blk_mem_gen/gnbram.gnativebmg.native_blk_mem_gen/valid.cstr/has_mux_b.B/doutb[6]_INST_0_i_43_psbram_and_n   |                2 |              8 |         4.00 |
|  clk_IBUF_BUFG     | Block_Rom/BRAM/blk_mem_gen_0/U0/inst_blk_mem_gen/gnbram.gnativebmg.native_blk_mem_gen/valid.cstr/ramloop[75].ram.r/prim_init.ram/DEVICE_7SERIES.NO_BMM_INFO.SDP.SIMPLE_PRIM36.ram_REGCEB_cooolgate_en_sig_174 | Block_Rom/BRAM/blk_mem_gen_0/U0/inst_blk_mem_gen/gnbram.gnativebmg.native_blk_mem_gen/valid.cstr/has_mux_b.B/doutb[6]_INST_0_i_44_psbram_and_n_2 |                5 |              8 |         1.60 |
|  clk_IBUF_BUFG     | Block_Rom/BRAM/blk_mem_gen_0/U0/inst_blk_mem_gen/gnbram.gnativebmg.native_blk_mem_gen/valid.cstr/ramloop[76].ram.r/prim_init.ram/DEVICE_7SERIES.NO_BMM_INFO.SDP.SIMPLE_PRIM36.ram_REGCEB_cooolgate_en_sig_175 | Block_Rom/BRAM/blk_mem_gen_0/U0/inst_blk_mem_gen/gnbram.gnativebmg.native_blk_mem_gen/valid.cstr/has_mux_b.B/doutb[6]_INST_0_i_45_psbram_and_n_2 |                2 |              8 |         4.00 |
|  clk_IBUF_BUFG     | Block_Rom/BRAM/blk_mem_gen_0/U0/inst_blk_mem_gen/gnbram.gnativebmg.native_blk_mem_gen/valid.cstr/ramloop[71].ram.r/prim_init.ram/DEVICE_7SERIES.NO_BMM_INFO.SDP.SIMPLE_PRIM36.ram_REGCEB_cooolgate_en_sig_170 | Block_Rom/BRAM/blk_mem_gen_0/U0/inst_blk_mem_gen/gnbram.gnativebmg.native_blk_mem_gen/valid.cstr/has_mux_b.B/doutb[6]_INST_0_i_43_psbram_and_n_2 |                4 |              8 |         2.00 |
|  clk_IBUF_BUFG     | Block_Rom/BRAM/blk_mem_gen_0/U0/inst_blk_mem_gen/gnbram.gnativebmg.native_blk_mem_gen/valid.cstr/ramloop[74].ram.r/prim_init.ram/DEVICE_7SERIES.NO_BMM_INFO.SDP.SIMPLE_PRIM36.ram_REGCEB_cooolgate_en_sig_173 | Block_Rom/BRAM/blk_mem_gen_0/U0/inst_blk_mem_gen/gnbram.gnativebmg.native_blk_mem_gen/valid.cstr/has_mux_b.B/doutb[6]_INST_0_i_44_psbram_and_n_1 |                3 |              8 |         2.67 |
|  clk_IBUF_BUFG     | Block_Rom/BRAM/blk_mem_gen_0/U0/inst_blk_mem_gen/gnbram.gnativebmg.native_blk_mem_gen/valid.cstr/ramloop[72].ram.r/prim_init.ram/DEVICE_7SERIES.NO_BMM_INFO.SDP.SIMPLE_PRIM36.ram_REGCEB_cooolgate_en_sig_171 | Block_Rom/BRAM/blk_mem_gen_0/U0/inst_blk_mem_gen/gnbram.gnativebmg.native_blk_mem_gen/valid.cstr/has_mux_b.B/doutb[6]_INST_0_i_44_psbram_and_n   |                6 |              8 |         1.33 |
|  clk_IBUF_BUFG     | Block_Rom/BRAM/blk_mem_gen_0/U0/inst_blk_mem_gen/gnbram.gnativebmg.native_blk_mem_gen/valid.cstr/ramloop[73].ram.r/prim_init.ram/DEVICE_7SERIES.NO_BMM_INFO.SDP.SIMPLE_PRIM36.ram_REGCEB_cooolgate_en_sig_172 | Block_Rom/BRAM/blk_mem_gen_0/U0/inst_blk_mem_gen/gnbram.gnativebmg.native_blk_mem_gen/valid.cstr/has_mux_b.B/doutb[6]_INST_0_i_44_psbram_and_n_3 |                4 |              8 |         2.00 |
|  clk_IBUF_BUFG     | Block_Rom/BRAM/blk_mem_gen_0/U0/inst_blk_mem_gen/gnbram.gnativebmg.native_blk_mem_gen/valid.cstr/ramloop[80].ram.r/prim_init.ram/DEVICE_7SERIES.NO_BMM_INFO.SDP.SIMPLE_PRIM36.ram_REGCEB_cooolgate_en_sig_179 | Block_Rom/BRAM/blk_mem_gen_0/U0/inst_blk_mem_gen/gnbram.gnativebmg.native_blk_mem_gen/valid.cstr/has_mux_b.B/doutb[6]_INST_0_i_38_psbram_and_n_1 |                2 |              8 |         4.00 |
|  clk_IBUF_BUFG     | Block_Rom/BRAM/blk_mem_gen_0/U0/inst_blk_mem_gen/gnbram.gnativebmg.native_blk_mem_gen/valid.cstr/ramloop[77].ram.r/prim_init.ram/DEVICE_7SERIES.NO_BMM_INFO.SDP.SIMPLE_PRIM36.ram_REGCEB_cooolgate_en_sig_176 | Block_Rom/BRAM/blk_mem_gen_0/U0/inst_blk_mem_gen/gnbram.gnativebmg.native_blk_mem_gen/valid.cstr/has_mux_b.B/doutb[6]_INST_0_i_45_psbram_and_n_3 |                2 |              8 |         4.00 |
|  clk_IBUF_BUFG     | Block_Rom/BRAM/blk_mem_gen_0/U0/inst_blk_mem_gen/gnbram.gnativebmg.native_blk_mem_gen/valid.cstr/ramloop[81].ram.r/prim_init.ram/DEVICE_7SERIES.NO_BMM_INFO.SDP.SIMPLE_PRIM36.ram_REGCEB_cooolgate_en_sig_180 | Block_Rom/BRAM/blk_mem_gen_0/U0/inst_blk_mem_gen/gnbram.gnativebmg.native_blk_mem_gen/valid.cstr/has_mux_b.B/doutb[6]_INST_0_i_38_psbram_and_n_3 |                3 |              8 |         2.67 |
|  clk_IBUF_BUFG     | Block_Rom/BRAM/blk_mem_gen_0/U0/inst_blk_mem_gen/gnbram.gnativebmg.native_blk_mem_gen/valid.cstr/ramloop[78].ram.r/prim_init.ram/DEVICE_7SERIES.NO_BMM_INFO.SDP.SIMPLE_PRIM36.ram_REGCEB_cooolgate_en_sig_177 | Block_Rom/BRAM/blk_mem_gen_0/U0/inst_blk_mem_gen/gnbram.gnativebmg.native_blk_mem_gen/valid.cstr/has_mux_b.B/doutb[6]_INST_0_i_45_psbram_and_n_1 |                7 |              8 |         1.14 |
|  clk_IBUF_BUFG     | Block_Rom/BRAM/blk_mem_gen_0/U0/inst_blk_mem_gen/gnbram.gnativebmg.native_blk_mem_gen/valid.cstr/ramloop[79].ram.r/prim_init.ram/DEVICE_7SERIES.NO_BMM_INFO.SDP.SIMPLE_PRIM36.ram_REGCEB_cooolgate_en_sig_178 | Block_Rom/BRAM/blk_mem_gen_0/U0/inst_blk_mem_gen/gnbram.gnativebmg.native_blk_mem_gen/valid.cstr/has_mux_b.B/doutb[6]_INST_0_i_45_psbram_and_n   |                5 |              8 |         1.60 |
|  clk_IBUF_BUFG     | Block_Rom/BRAM/blk_mem_gen_0/U0/inst_blk_mem_gen/gnbram.gnativebmg.native_blk_mem_gen/valid.cstr/ramloop[83].ram.r/prim_init.ram/DEVICE_7SERIES.NO_BMM_INFO.SDP.SIMPLE_PRIM36.ram_REGCEB_cooolgate_en_sig_182 | Block_Rom/BRAM/blk_mem_gen_0/U0/inst_blk_mem_gen/gnbram.gnativebmg.native_blk_mem_gen/valid.cstr/has_mux_b.B/doutb[6]_INST_0_i_38_psbram_and_n   |                3 |              8 |         2.67 |
|  clk_IBUF_BUFG     | Block_Rom/BRAM/blk_mem_gen_0/U0/inst_blk_mem_gen/gnbram.gnativebmg.native_blk_mem_gen/valid.cstr/ramloop[84].ram.r/prim_init.ram/DEVICE_7SERIES.NO_BMM_INFO.SDP.SIMPLE_PRIM36.ram_REGCEB_cooolgate_en_sig_183 | Block_Rom/BRAM/blk_mem_gen_0/U0/inst_blk_mem_gen/gnbram.gnativebmg.native_blk_mem_gen/valid.cstr/has_mux_b.B/doutb[6]_INST_0_i_39_psbram_and_n   |                1 |              8 |         8.00 |
|  clk_IBUF_BUFG     | Block_Rom/BRAM/blk_mem_gen_0/U0/inst_blk_mem_gen/gnbram.gnativebmg.native_blk_mem_gen/valid.cstr/ramloop[85].ram.r/prim_init.ram/DEVICE_7SERIES.NO_BMM_INFO.SDP.SIMPLE_PRIM36.ram_REGCEB_cooolgate_en_sig_184 | Block_Rom/BRAM/blk_mem_gen_0/U0/inst_blk_mem_gen/gnbram.gnativebmg.native_blk_mem_gen/valid.cstr/has_mux_b.B/doutb[6]_INST_0_i_39_psbram_and_n_3 |                3 |              8 |         2.67 |
|  clk_IBUF_BUFG     | Block_Rom/BRAM/blk_mem_gen_0/U0/inst_blk_mem_gen/gnbram.gnativebmg.native_blk_mem_gen/valid.cstr/ramloop[82].ram.r/prim_init.ram/DEVICE_7SERIES.NO_BMM_INFO.SDP.SIMPLE_PRIM36.ram_REGCEB_cooolgate_en_sig_181 | Block_Rom/BRAM/blk_mem_gen_0/U0/inst_blk_mem_gen/gnbram.gnativebmg.native_blk_mem_gen/valid.cstr/has_mux_b.B/doutb[6]_INST_0_i_38_psbram_and_n_2 |                3 |              8 |         2.67 |
|  clk_IBUF_BUFG     | Block_Rom/BRAM/blk_mem_gen_0/U0/inst_blk_mem_gen/gnbram.gnativebmg.native_blk_mem_gen/valid.cstr/ramloop[86].ram.r/prim_init.ram/DEVICE_7SERIES.NO_BMM_INFO.SDP.SIMPLE_PRIM36.ram_REGCEB_cooolgate_en_sig_185 | Block_Rom/BRAM/blk_mem_gen_0/U0/inst_blk_mem_gen/gnbram.gnativebmg.native_blk_mem_gen/valid.cstr/has_mux_b.B/doutb[6]_INST_0_i_39_psbram_and_n_1 |                5 |              8 |         1.60 |
|  clk_IBUF_BUFG     | Block_Rom/BRAM/blk_mem_gen_0/U0/inst_blk_mem_gen/gnbram.gnativebmg.native_blk_mem_gen/valid.cstr/ramloop[88].ram.r/prim_init.ram/DEVICE_7SERIES.NO_BMM_INFO.SDP.SIMPLE_PRIM36.ram_REGCEB_cooolgate_en_sig_187 | Block_Rom/BRAM/blk_mem_gen_0/U0/inst_blk_mem_gen/gnbram.gnativebmg.native_blk_mem_gen/valid.cstr/has_mux_b.B/doutb[6]_INST_0_i_40_psbram_and_n_1 |                4 |              8 |         2.00 |
|  clk_IBUF_BUFG     | Block_Rom/BRAM/blk_mem_gen_0/U0/inst_blk_mem_gen/gnbram.gnativebmg.native_blk_mem_gen/valid.cstr/ramloop[87].ram.r/prim_init.ram/DEVICE_7SERIES.NO_BMM_INFO.SDP.SIMPLE_PRIM36.ram_REGCEB_cooolgate_en_sig_186 | Block_Rom/BRAM/blk_mem_gen_0/U0/inst_blk_mem_gen/gnbram.gnativebmg.native_blk_mem_gen/valid.cstr/has_mux_b.B/doutb[6]_INST_0_i_39_psbram_and_n_2 |                3 |              8 |         2.67 |
|  clk_IBUF_BUFG     | Block_Rom/BRAM/blk_mem_gen_0/U0/inst_blk_mem_gen/gnbram.gnativebmg.native_blk_mem_gen/valid.cstr/ramloop[89].ram.r/prim_init.ram/DEVICE_7SERIES.NO_BMM_INFO.SDP.SIMPLE_PRIM36.ram_REGCEB_cooolgate_en_sig_188 | Block_Rom/BRAM/blk_mem_gen_0/U0/inst_blk_mem_gen/gnbram.gnativebmg.native_blk_mem_gen/valid.cstr/has_mux_b.B/doutb[6]_INST_0_i_40_psbram_and_n   |                2 |              8 |         4.00 |
|  clk_IBUF_BUFG     | Block_Rom/BRAM/blk_mem_gen_0/U0/inst_blk_mem_gen/gnbram.gnativebmg.native_blk_mem_gen/valid.cstr/ramloop[90].ram.r/prim_init.ram/DEVICE_7SERIES.NO_BMM_INFO.SDP.SIMPLE_PRIM36.ram_REGCEB_cooolgate_en_sig_189 | Block_Rom/BRAM/blk_mem_gen_0/U0/inst_blk_mem_gen/gnbram.gnativebmg.native_blk_mem_gen/valid.cstr/has_mux_b.B/doutb[6]_INST_0_i_40_psbram_and_n_2 |                3 |              8 |         2.67 |
|  clk_IBUF_BUFG     | Block_Rom/BRAM/blk_mem_gen_0/U0/inst_blk_mem_gen/gnbram.gnativebmg.native_blk_mem_gen/valid.cstr/ramloop[91].ram.r/prim_init.ram/DEVICE_7SERIES.NO_BMM_INFO.SDP.SIMPLE_PRIM36.ram_REGCEB_cooolgate_en_sig_190 | Block_Rom/BRAM/blk_mem_gen_0/U0/inst_blk_mem_gen/gnbram.gnativebmg.native_blk_mem_gen/valid.cstr/has_mux_b.B/doutb[6]_INST_0_i_40_psbram_and_n_3 |                2 |              8 |         4.00 |
|  clk_IBUF_BUFG     | Block_Rom/BRAM/blk_mem_gen_0/U0/inst_blk_mem_gen/gnbram.gnativebmg.native_blk_mem_gen/valid.cstr/ramloop[93].ram.r/prim_init.ram/DEVICE_7SERIES.NO_BMM_INFO.SDP.SIMPLE_PRIM36.ram_REGCEB_cooolgate_en_sig_192 | Block_Rom/BRAM/blk_mem_gen_0/U0/inst_blk_mem_gen/gnbram.gnativebmg.native_blk_mem_gen/valid.cstr/has_mux_b.B/doutb[6]_INST_0_i_41_psbram_and_n   |                3 |              8 |         2.67 |
|  VGA/clock_25_BUFG | VGA/vcount[9]_i_1_n_0                                                                                                                                                                                         |                                                                                                                                                  |                4 |             10 |         2.50 |
|  VGA/clock_25_BUFG | sobel/sobelready                                                                                                                                                                                              |                                                                                                                                                  |                2 |             10 |         5.00 |
|  VGA/clock_25_BUFG | sobel/sobelready                                                                                                                                                                                              | VGA/red[3]_i_1_n_0                                                                                                                               |                2 |             12 |         6.00 |
|  clk_IBUF_BUFG     | sobel/E[0]                                                                                                                                                                                                    | reset_IBUF                                                                                                                                       |               10 |             32 |         3.20 |
|  clk_IBUF_BUFG     |                                                                                                                                                                                                               |                                                                                                                                                  |               22 |             42 |         1.91 |
+--------------------+---------------------------------------------------------------------------------------------------------------------------------------------------------------------------------------------------------------+--------------------------------------------------------------------------------------------------------------------------------------------------+------------------+----------------+--------------+


