#-----------------------------------------------------------
# Vivado v2023.2 (64-bit)
# SW Build 4029153 on Fri Oct 13 20:14:34 MDT 2023
# IP Build 4028589 on Sat Oct 14 00:45:43 MDT 2023
# SharedData Build 4025554 on Tue Oct 10 17:18:54 MDT 2023
# Start of session at: Mon Dec 11 15:41:11 2023
# Process ID: 2588
# Current directory: C:/Users/XTYAO/Desktop/551Final/EC551Project/EC551_project
# Command line: vivado.exe -gui_launcher_event rodinguilauncherevent36336 C:\Users\XTYAO\Desktop\551Final\EC551Project\EC551_project\EC551_project.xpr
# Log file: C:/Users/XTYAO/Desktop/551Final/EC551Project/EC551_project/vivado.log
# Journal file: C:/Users/XTYAO/Desktop/551Final/EC551Project/EC551_project\vivado.jou
# Running On: Adelia-laptop, OS: Windows, CPU Frequency: 2304 MHz, CPU Physical cores: 8, Host memory: 34088 MB
#-----------------------------------------------------------
start_gui
open_project C:/Users/XTYAO/Desktop/551Final/EC551Project/EC551_project/EC551_project.xpr
update_compile_order -fileset sources_1
close [ open C:/Users/XTYAO/Desktop/551Final/EC551Project/EC551_project/EC551_project.srcs/sources_1/new/image.mem w ]
add_files C:/Users/XTYAO/Desktop/551Final/EC551Project/EC551_project/EC551_project.srcs/sources_1/new/image.mem
add_files -norecurse C:/Users/XTYAO/Desktop/551Final/EC551Project/EC551_project/EC551_project.sim/sim_4/behav/xsim/image.mem
export_ip_user_files -of_objects  [get_files C:/Users/XTYAO/Desktop/551Final/EC551Project/EC551_project/EC551_project.srcs/sources_1/new/image.mem] -no_script -reset -force -quiet
remove_files  C:/Users/XTYAO/Desktop/551Final/EC551Project/EC551_project/EC551_project.srcs/sources_1/new/image.mem
launch_simulation -simset [get_filesets sim_4 ]
launch_simulation -simset [get_filesets sim_4 ]
export_ip_user_files -of_objects  [get_files C:/Users/XTYAO/Desktop/551Final/EC551Project/EC551_project/EC551_project.sim/sim_4/behav/xsim/image.mem] -no_script -reset -force -quiet
remove_files  C:/Users/XTYAO/Desktop/551Final/EC551Project/EC551_project/EC551_project.sim/sim_4/behav/xsim/image.mem
